131. Printing statistics.

=== tt_um_zedulo_spitest1 ===

        +----------Local Count, excluding submodules.
        |        +-Local Area, excluding submodules.
        |        | 
      190        - wires
      225        - wire bits
       38        - public wires
       73        - public wire bits
        8        - ports
       43        - port bits
      206 3.02E+03 cells
        2   25.402   sg13g2_a21o_1
       17  154.224   sg13g2_a21oi_1
        1   14.515   sg13g2_a221oi_1
        3   32.546   sg13g2_a22oi_1
        3   27.216   sg13g2_and2_1
        1   12.701   sg13g2_and3_1
        5   36.288   sg13g2_buf_1
       30 1.47E+03   sg13g2_dfrbpq_1
       11   59.875   sg13g2_inv_1
       10   181.44   sg13g2_mux2_1
       10   72.576   sg13g2_nand2_1
        4   36.288   sg13g2_nand2b_1
        7   63.504   sg13g2_nand3_1
        1   12.701   sg13g2_nand3b_1
        1   10.886   sg13g2_nand4_1
       12   87.091   sg13g2_nor2_1
        5    45.36   sg13g2_nor2b_1
        2   18.144   sg13g2_nor3_1
        3   32.659   sg13g2_nor4_1
       24  217.728   sg13g2_o21ai_1
        2   18.144   sg13g2_or2_1
        2   25.402   sg13g2_or3_1
       30  217.728   sg13g2_tiehi
       19  137.894   sg13g2_tielo
        1   14.515   sg13g2_xnor2_1

   Chip area for module '\tt_um_zedulo_spitest1': 3024.491400
     of which used for sequential elements: 1469.664000 (48.59%)

