Clock: clk
Sources: clk 
Generated: no
Virtual: yes
Propagated: no
Period: 20.000000

===========================================================================
report_clock_properties
============================================================================
Clock                   Period          Waveform
----------------------------------------------------
clk                  20.000000    0.000000 10.000000

===========================================================================
report_clock_latency
============================================================================
Clock clk
rise -> rise
    min     max
0.000000 0.000000 source latency
0.282040         network latency _274_/CLK
        0.315085 network latency _294_/CLK
---------------
0.282040 0.315085 latency
        0.033045 skew

fall -> fall
    min     max
0.000000 0.000000 source latency
0.283362         network latency _274_/CLK
        0.312962 network latency _294_/CLK
---------------
0.283362 0.312962 latency
        0.029600 skew



===========================================================================
report_clock_min_period
============================================================================
clk period_min = 3.02 fmax = 331.01
