
===========================================================================
 report_power
============================================================================
======================= nom_typ_1p20V_25C Corner ===================================

Group                    Internal    Switching      Leakage        Total
                            Power        Power        Power        Power (Watts)
------------------------------------------------------------------------
Sequential           7.492644e-05 6.677791e-07 1.384315e-08 7.560807e-05  37.8%
Combinational        5.655364e-06 3.787941e-06 4.178324e-08 9.485088e-06   4.7%
Clock                8.742858e-05 2.693429e-05 6.846348e-07 1.150475e-04  57.5%
Macro                0.000000e+00 0.000000e+00 0.000000e+00 0.000000e+00   0.0%
Pad                  0.000000e+00 0.000000e+00 0.000000e+00 0.000000e+00   0.0%
------------------------------------------------------------------------
Total                1.680104e-04 3.139001e-05 7.402626e-07 2.001407e-04 100.0%
                            83.9%        15.7%         0.4%

