
===========================================================================
 report_power
============================================================================
======================= nom_fast_1p32V_m40C Corner ===================================

Group                    Internal    Switching      Leakage        Total
                            Power        Power        Power        Power (Watts)
------------------------------------------------------------------------
Sequential           9.060532e-05 8.636670e-07 2.952116e-08 9.149850e-05  36.1%
Combinational        7.204889e-06 4.869866e-06 1.040089e-07 1.217876e-05   4.8%
Clock                1.124075e-04 3.470456e-05 2.510721e-06 1.496227e-04  59.1%
Macro                0.000000e+00 0.000000e+00 0.000000e+00 0.000000e+00   0.0%
Pad                  0.000000e+00 0.000000e+00 0.000000e+00 0.000000e+00   0.0%
------------------------------------------------------------------------
Total                2.102177e-04 4.043810e-05 2.644248e-06 2.533001e-04 100.0%
                            83.0%        16.0%         1.0%

